baf seed=42 tabiclv2: train=800000 (fraud 8823) test_scored=32206 (fraud 2206) ctx=48000 prev=0.0110
predict_chunk=16384 (overridden)
================================================================================================
RAP DESIGN-SPACE SWEEP — baf seed=42 tabiclv2 n_est=4
================================================================================================
  [predict] batch 2/2 | 15s elapsed | ETA 0s
  [C1_ref                ] G= 1 PR-AUC=0.1620 R@1=0.243 ROC=0.8856 legit=0.007 16s
  [predict] batch 2/2 | 15s elapsed | ETA 0s
  [C2_ref                ] G= 1 PR-AUC=0.1910 R@1=0.278 ROC=0.8988 legit=0.100 16s
  [predict] batch 2/2 | 13s elapsed | ETA 0s
  [predict] batch 1/1 | 7s elapsed | ETA 0s
  [g2_randL_randF_r05    ] G= 2 PR-AUC=0.1816 R@1=0.275 ROC=0.8954 legit=0.031 22s
  [predict] batch 1/1 | 6s elapsed | ETA 0s
  [predict] batch 1/1 | 6s elapsed | ETA 0s
  [predict] batch 1/1 | 6s elapsed | ETA 0s
  [predict] batch 1/1 | 6s elapsed | ETA 0s
  [predict] batch 1/1 | 6s elapsed | ETA 0s
  [predict] batch 1/1 | 6s elapsed | ETA 0s
  [predict] batch 1/1 | 6s elapsed | ETA 0s
  [predict] batch 1/1 | 6s elapsed | ETA 0s
  [predict] batch 1/1 | 6s elapsed | ETA 0s
  [predict] batch 1/1 | 6s elapsed | ETA 0s
  [predict] batch 1/1 | 6s elapsed | ETA 0s
  [predict] batch 1/1 | 6s elapsed | ETA 0s
  [predict] batch 1/1 | 6s elapsed | ETA 0s
  [predict] batch 1/1 | 6s elapsed | ETA 0s
  [predict] batch 1/1 | 6s elapsed | ETA 0s
  [predict] batch 1/1 | 6s elapsed | ETA 0s
  [predict] batch 1/1 | 6s elapsed | ETA 0s
  [predict] batch 1/1 | 6s elapsed | ETA 0s
  [predict] batch 1/1 | 6s elapsed | ETA 0s
  [predict] batch 1/1 | 6s elapsed | ETA 0s
  [predict] batch 1/1 | 6s elapsed | ETA 0s
  [predict] batch 1/1 | 6s elapsed | ETA 0s
  [predict] batch 1/1 | 6s elapsed | ETA 0s
  [predict] batch 1/1 | 6s elapsed | ETA 0s
  [predict] batch 1/1 | 6s elapsed | ETA 0s
  [predict] batch 1/1 | 6s elapsed | ETA 0s
  [predict] batch 1/1 | 6s elapsed | ETA 0s
  [predict] batch 1/1 | 6s elapsed | ETA 0s
  [predict] batch 1/1 | 6s elapsed | ETA 0s
  [predict] batch 1/1 | 6s elapsed | ETA 0s
  [predict] batch 1/1 | 6s elapsed | ETA 0s
  [predict] batch 1/1 | 6s elapsed | ETA 0s
  [g32_randL_randF_r05   ] G=32 PR-AUC=0.1824 R@1=0.279 ROC=0.8972 legit=0.031 214s
  [predict] batch 2/2 | 14s elapsed | ETA 0s
  [predict] batch 1/1 | 8s elapsed | ETA 0s
  [g2_knnL_knnF_r05      ] G= 2 PR-AUC=0.0120 R@1=0.014 ROC=0.5460 legit=0.470 23s
  [predict] batch 1/1 | 7s elapsed | ETA 0s
  [predict] batch 1/1 | 6s elapsed | ETA 0s
  [predict] batch 1/1 | 6s elapsed | ETA 0s
  [predict] batch 1/1 | 7s elapsed | ETA 0s
  [predict] batch 1/1 | 6s elapsed | ETA 0s
  [predict] batch 1/1 | 6s elapsed | ETA 0s
  [predict] batch 1/1 | 7s elapsed | ETA 0s
  [predict] batch 1/1 | 6s elapsed | ETA 0s
  [g8_knnL_knnF_r05      ] G= 8 PR-AUC=0.0131 R@1=0.020 ROC=0.5837 legit=0.424 59s
  [predict] batch 1/1 | 6s elapsed | ETA 0s
  [predict] batch 1/1 | 6s elapsed | ETA 0s
  [predict] batch 1/1 | 6s elapsed | ETA 0s
  [predict] batch 1/1 | 6s elapsed | ETA 0s
  [predict] batch 1/1 | 6s elapsed | ETA 0s
  [predict] batch 1/1 | 6s elapsed | ETA 0s
  [predict] batch 1/1 | 6s elapsed | ETA 0s
  [predict] batch 1/1 | 6s elapsed | ETA 0s
  [predict] batch 1/1 | 6s elapsed | ETA 0s
  [predict] batch 1/1 | 6s elapsed | ETA 0s
  [predict] batch 1/1 | 6s elapsed | ETA 0s
  [predict] batch 1/1 | 6s elapsed | ETA 0s
  [predict] batch 1/1 | 6s elapsed | ETA 0s
  [predict] batch 1/1 | 6s elapsed | ETA 0s
  [predict] batch 1/1 | 6s elapsed | ETA 0s
  [predict] batch 1/1 | 6s elapsed | ETA 0s
  [g16_knnL_knnF_r05     ] G=16 PR-AUC=0.0211 R@1=0.018 ROC=0.7436 legit=0.156 109s
  [predict] batch 1/1 | 6s elapsed | ETA 0s
  [predict] batch 1/1 | 6s elapsed | ETA 0s
  [predict] batch 1/1 | 6s elapsed | ETA 0s
  [predict] batch 1/1 | 6s elapsed | ETA 0s
  [predict] batch 1/1 | 6s elapsed | ETA 0s
  [predict] batch 1/1 | 6s elapsed | ETA 0s
  [predict] batch 1/1 | 6s elapsed | ETA 0s
  [predict] batch 1/1 | 6s elapsed | ETA 0s
  [predict] batch 1/1 | 6s elapsed | ETA 0s
  [predict] batch 1/1 | 6s elapsed | ETA 0s
  [predict] batch 1/1 | 6s elapsed | ETA 0s
  [predict] batch 1/1 | 6s elapsed | ETA 0s
  [predict] batch 1/1 | 6s elapsed | ETA 0s
  [predict] batch 1/1 | 6s elapsed | ETA 0s
  [predict] batch 1/1 | 6s elapsed | ETA 0s
  [predict] batch 1/1 | 6s elapsed | ETA 0s
  [predict] batch 1/1 | 6s elapsed | ETA 0s
  [predict] batch 1/1 | 6s elapsed | ETA 0s
  [predict] batch 1/1 | 6s elapsed | ETA 0s
  [predict] batch 1/1 | 6s elapsed | ETA 0s
  [predict] batch 1/1 | 6s elapsed | ETA 0s
  [predict] batch 1/1 | 6s elapsed | ETA 0s
  [predict] batch 1/1 | 6s elapsed | ETA 0s
  [predict] batch 1/1 | 6s elapsed | ETA 0s
  [predict] batch 1/1 | 6s elapsed | ETA 0s
  [predict] batch 1/1 | 6s elapsed | ETA 0s
  [predict] batch 1/1 | 6s elapsed | ETA 0s
  [predict] batch 1/1 | 6s elapsed | ETA 0s
  [predict] batch 1/1 | 6s elapsed | ETA 0s
  [predict] batch 1/1 | 6s elapsed | ETA 0s
  [predict] batch 1/1 | 6s elapsed | ETA 0s
  [predict] batch 1/1 | 6s elapsed | ETA 0s
  [g32_knnL_knnF_r05     ] G=32 PR-AUC=0.0434 R@1=0.012 ROC=0.8485 legit=0.038 212s
  [predict] batch 1/1 | 6s elapsed | ETA 0s
  [predict] batch 1/1 | 6s elapsed | ETA 0s
  [predict] batch 1/1 | 6s elapsed | ETA 0s
  [predict] batch 1/1 | 6s elapsed | ETA 0s
  [predict] batch 1/1 | 6s elapsed | ETA 0s
  [predict] batch 1/1 | 6s elapsed | ETA 0s
  [predict] batch 1/1 | 6s elapsed | ETA 0s
  [predict] batch 1/1 | 6s elapsed | ETA 0s
  [predict] batch 1/1 | 6s elapsed | ETA 0s
  [predict] batch 1/1 | 6s elapsed | ETA 0s
  [predict] batch 1/1 | 6s elapsed | ETA 0s
